[Bootstrap]
SetupTitle=Install
SetupText=Copying Files, please stand by.
CabFile=SELULER.CAB
Spawn=Setup1.exe
Uninstal=st6unst.exe
TmpDir=msftqws.pdw
Cabs=1

[Bootstrap Files]
File1=@VB6STKIT.DLL,$(WinSysPathSysFile),,,6/18/98 12:00:00 AM,102912,6.0.81.69
File2=@olepro32.dll,$(WinSysPathSysFile),$(DLLSelfRegister),,8/3/04 5:56:46 PM,83456,5.1.2600.2180
File3=@COMCAT.DLL,$(WinSysPathSysFile),$(DLLSelfRegister),,5/31/98 12:00:00 AM,22288,4.71.1460.1
File4=@stdole2.tlb,$(WinSysPathSysFile),$(TLBRegister),,8/23/01 1:00:00 PM,17920,3.50.5014.0
File5=@asycfilt.dll,$(WinSysPathSysFile),,,8/3/04 5:56:42 PM,65024,5.1.2600.2180
File6=@oleaut32.dll,$(WinSysPathSysFile),$(DLLSelfRegister),,8/3/04 5:56:46 PM,553472,5.1.2600.2180
File7=@msvbvm60.dll,$(WinSysPathSysFile),$(DLLSelfRegister),,8/3/04 5:56:44 PM,1392671,6.0.96.90

[IconGroups]
Group0=APLIKASI SELULER IPT
PrivateGroup0=True
Parent0=$(Programs)

[APLIKASI SELULER IPT]
Icon1="SELULER.exe"
Title1=APLIKASI SELULER IPT
StartIn1=$(AppPath)

[Setup]
Title=APLIKASI SELULER IPT
DefaultDir=$(ProgramFiles)\SELULER
AppExe=SELULER.exe
AppToUninstall=SELULER.exe

[Setup1 Files]
File1=@MDAC_TYP.EXE,$(AppPath),,,6/26/98 12:00:00 AM,8124720,4.71.1015.0
File2=@u2lsamp1.dll,$(AppPath),,,5/5/07 3:18:26 PM,27136,0.0.0.0
File3=@u2lfinra.dll,$(AppPath),,,5/5/07 3:18:26 PM,12288,0.0.0.0
File4=@u2lexch.dll,$(AppPath),,,5/5/07 3:18:26 PM,36864,0.0.0.0
File5=@u2lesbse.dll,$(AppPath),,,5/5/07 3:18:26 PM,70656,0.0.0.0
File6=@u2ldts.dll,$(AppPath),,,5/5/07 3:18:26 PM,38400,0.0.0.0
File7=@u2lcom.dll,$(WinSysPath),,$(Shared),5/5/07 3:18:26 PM,150016,1.0.0.3
File8=@u2lbar.dll,$(AppPath),,,5/5/07 3:18:26 PM,40960,0.0.0.0
File9=@u2l2000.dll,$(WinSysPath),,$(Shared),5/5/07 3:18:26 PM,49152,6.0.0.1
File10=@u25total.dll,$(AppPath),,,5/5/07 3:18:26 PM,59904,0.0.0.0
File11=@u25store.dll,$(AppPath),,,5/5/07 3:18:26 PM,61440,0.0.0.0
File12=@u25dts.dll,$(AppPath),,,5/5/07 3:18:26 PM,44544,0.0.0.0
File13=@u2fxls.dll,$(WinSysPath),,$(Shared),5/5/07 3:18:26 PM,125952,6.0.0.19
File14=@u2fwordw.dll,$(WinSysPath),,$(Shared),5/5/07 3:18:26 PM,118272,6.0.0.9
File15=@u2fwks.dll,$(WinSysPath),,$(Shared),5/5/07 3:18:26 PM,57344,5.0.0.0
File16=@u2ftext.dll,$(WinSysPath),,$(Shared),5/5/07 3:18:26 PM,112128,6.0.0.9
File17=@u2fsepv.dll,$(WinSysPath),,$(Shared),5/5/07 3:18:26 PM,53248,5.0.0.0
File18=@u2frtf.dll,$(WinSysPath),,$(Shared),5/5/07 3:18:26 PM,100864,6.0.0.5
File19=@u2frec.dll,$(WinSysPath),,$(Shared),5/5/07 3:18:26 PM,49152,1.0.0.1
File20=@u2frdef.dll,$(AppPath),,,5/5/07 3:18:26 PM,78848,6.0.0.4
File21=@u2fodbc.dll,$(WinSysPath),,$(Shared),5/5/07 3:18:26 PM,77824,6.0.0.8
File22=@u2fhtml.dll,$(WinSysPath),,$(Shared),5/5/07 3:18:26 PM,223232,6.0.0.61
File23=@u2fdif.dll,$(WinSysPath),,$(Shared),5/5/07 3:18:26 PM,53248,5.0.0.0
File24=@u2fcr.dll,$(WinSysPath),,$(Shared),5/5/07 3:18:26 PM,97598,5.0.0.0
File25=@u2dvim.dll,$(WinSysPath),,$(Shared),5/5/07 3:18:26 PM,87552,6.0.0.7
File26=@u2dpost.dll,$(WinSysPath),,$(Shared),5/5/07 3:18:26 PM,66560,5.0.0.1
File27=@u2dnotes.dll,$(WinSysPath),,$(Shared),5/5/07 3:18:26 PM,89088,6.0.0.7
File28=@u2dmapi.dll,$(WinSysPath),,$(Shared),5/5/07 3:18:26 PM,125901,5.0.0.0
File29=@u2ddisk.dll,$(WinSysPath),,$(Shared),5/5/07 3:18:26 PM,45056,5.0.0.0
File30=@p2swblg.dll,$(WinSysPath),,$(Shared),5/5/07 3:18:26 PM,166912,6.0.0.2
File31=@p2strack.dll,$(WinSysPath),,$(Shared),5/5/07 3:18:26 PM,196096,6.0.0.0
File32=@p2ssyb10.dll,$(WinSysPath),,$(Shared),5/5/07 3:18:26 PM,130560,6.0.0.14
File33=@p2ssql.dll,$(WinSysPath),,$(Shared),5/5/07 3:18:26 PM,129024,6.0.0.11
File34=@p2srepl.dll,$(WinSysPath),,$(Shared),5/5/07 3:18:26 PM,138752,6.0.0.0
File35=@p2soutlk.dll,$(WinSysPath),,$(Shared),5/5/07 3:18:26 PM,810496,6.0.0.2
File36=@p2sora7.dll,$(WinSysPath),,$(Shared),5/5/07 3:18:26 PM,174080,6.0.0.15
File37=@p2sodbc.dll,$(WinSysPath),,$(Shared),5/5/07 3:18:26 PM,144384,6.0.0.51
File38=@p2smon.dll,$(WinSysPath),,$(Shared),5/5/07 3:18:26 PM,122880,6.0.0.7
File39=@p2smapi.dll,$(WinSysPath),,$(Shared),5/5/07 3:18:26 PM,129024,6.0.0.0
File40=@p2sifmx.dll,$(WinSysPath),,$(Shared),5/5/07 3:18:26 PM,142336,6.0.0.0
File41=@p2sexsr.dll,$(WinSysPath),,$(Shared),5/5/07 3:18:26 PM,154112,6.0.0.2
File42=@p2sevt.dll,$(WinSysPath),,$(Shared),5/5/07 3:18:26 PM,133120,6.0.0.1
File43=@p2sdb2.dll,$(WinSysPath),,$(Shared),5/5/07 3:18:26 PM,169984,6.0.0.11
File44=@p2sacl.dll,$(WinSysPath),,$(Shared),5/5/07 3:18:26 PM,140800,6.0.0.0
File45=@p2oesbse.dll,$(WinSysPath),,$(Shared),5/5/07 3:18:26 PM,141312,6.0.0.0
File46=@p2lodbc.dll,$(WinSysPath),,$(Shared),5/5/07 3:18:26 PM,82432,6.0.0.17
File47=@p2ixbse.dll,$(WinSysPath),,$(Shared),5/5/07 3:18:26 PM,222208,6.0.0.1
File48=@p2irdao.dll,$(WinSysPath),,$(Shared),5/5/07 3:18:26 PM,64000,6.0.0.26
File49=@p2iract.dll,$(WinSysPath),,$(Shared),5/5/07 3:18:26 PM,40960,6.0.0.1
File50=@p2ctdao.dll,$(WinSysPath),,$(Shared),5/5/07 3:18:26 PM,54272,6.0.0.25
File51=@p2ctbtrv.dll,$(WinSysPath),,$(Shared),5/5/07 3:18:26 PM,75776,6.0.0.6
File52=@p2bxbse.dll,$(WinSysPath),,$(Shared),5/5/07 3:18:26 PM,262144,6.0.0.5
File53=@p2bdao.dll,$(WinSysPath),,$(Shared),5/5/07 3:18:26 PM,105984,6.0.0.31
File54=@p2bbtrv.dll,$(WinSysPath),,$(Shared),5/5/07 3:18:26 PM,94720,6.0.0.6
File55=@p2bbnd.dll,$(WinSysPath),,$(Shared),5/5/07 3:18:26 PM,36352,6.0.0.1
File56=@p2bbde.dll,$(WinSysPath),,$(Shared),5/5/07 3:18:26 PM,135168,6.0.0.7
File57=@p2bact.dll,$(WinSysPath),,$(Shared),5/5/07 3:18:26 PM,267264,6.0.0.2
File58=@crxlat32.dll,$(WinSysPath),,$(Shared),5/5/07 3:18:26 PM,37408,3.0.0.2
File59=@crpaig32.dll,$(WinSysPath),,$(Shared),5/5/07 3:18:26 PM,183296,5.0.0.1
File60=@ccsdk32.dll,$(WinSysPath),,$(Shared),5/5/07 3:18:26 PM,860160,1.0.3.0
File61=@implode.dll,$(AppPath),,,5/5/07 3:18:26 PM,17920,0.0.0.0
File62=@crpe32.dll,$(WinSysPath),,$(Shared),5/5/07 3:18:26 PM,3572224,6.0.1.135
File63=@crystl32.ocx,$(WinSysPath),$(DLLSelfRegister),$(Shared),5/5/07 3:18:26 PM,991476,6.0.0.607
File64=@tabctl32.ocx,$(WinSysPath),$(DLLSelfRegister),$(Shared),6/24/98 12:00:00 AM,209192,6.0.81.69
File65=@MSCOMCT2.OCX,$(WinSysPath),$(DLLSelfRegister),$(Shared),6/26/98 12:00:00 AM,644400,6.0.81.77
File66=@MSFLXGRD.OCX,$(WinSysPath),$(DLLSelfRegister),$(Shared),6/24/98 12:00:00 AM,244024,6.0.81.69
File67=@rdocurs.dll,$(WinSysPath),,$(Shared),6/18/98 12:00:00 AM,151552,5.0.81.69
File68=@msrdo20.dll,$(WinSysPath),$(DLLSelfRegister),$(Shared),6/18/98 12:00:00 AM,393216,6.0.81.69
File69=@actskin4.ocx,$(WinSysPath),$(DLLSelfRegister),$(Shared),10/21/02 4:33:22 AM,376832,4.2.5.7
File70=@SELULER.exe,$(AppPath),,,7/15/08 12:41:18 AM,352256,1.0.0.0

; The following lines may be deleted in order to obtain extra 
; space for customizing this file on a full installation diskette.
; 
; XXXXXXXXXXXXXXXXXXXXXXXXXXXXXXXXXXXXXXXXXXXXXXXXXXXXXXXXXXXX
; XXXXXXXXXXXXXXXXXXXXXXXXXXXXXXXXXXXXXXXXXXXXXXXXXXXXXXXXXXXX
; XXXXXXXXXXXXXXXXXXXXXXXXXXXXXXXXXXXXXXXXXXXXXXXXXXXXXXXXXXXX
; XXXXXXXXXXXXXXXXXXXXXXXXXXXXXXXXXXXXXXXXXXXXXXXXXXXXXXXXXXXX
; XXXXXXXXXXXXXXXXXXXXXXXXXXXXXXXXXXXXXXXXXXXXXXXXXXXXXXXXXXXX
; XXXXXXXXXXXXXXXXXXXXXXXXXXXXXXXXXXXXXXXXXXXXXXXXXXXXXXXXXXXX
; XXXXXXXXXXXXXXXXXXXXXXXXXXXXXXXXXXXXXXXXXXXXXXXXXXXXXXXXXXXX
; XXXXXXXXXXXXXXXXXXXXXXXXXXXXXXXXXXXXXXXXXXXXXXXXXXXXXXXXXXXX
; XXXXXXXXXXXXXXXXXXXXXXXXXXXXXXXXXXXXXXXXXXXXXXXXXXXXXXXXXXXX
; XXXXXXXXXXXXXXXXXXXXXXXXXXXXXXXXXXXXXXXXXXXXXXXXXXXXXXXXXXXX
; XXXXXXXXXXXXXXXXXXXXXXXXXXXXXXXXXXXXXXXXXXXXXXXXXXXXXXXXXXXX
; XXXXXXXXXXXXXXXXXXXXXXXXXXXXXXXXXXXXXXXXXXXXXXXXXXXXXXXXXXXX
; XXXXXXXXXXXXXXXXXXXXXXXXXXXXXXXXXXXXXXXXXXXXXXXXXXXXXXXXXXXX
; XXXXXXXXXXXXXXXXXXXXXXXXXXXXXXXXXXXXXXXXXXXXXXXXXXXXXXXXXXXX
; XXXXXXXXXXXXXXXXXXXXXXXXXXXXXXXXXXXXXXXXXXXXXXXXXXXXXXXXXXXX
; XXXXXXXXXXXXXXXXXXXXXXXXXXXXXXXXXXXXXXXXXXXXXXXXXXXXXXXXXXXX
; XXXXXXXXXXXXXXXXXXXXXXXXXXXXXXXXXXXXXXXXXXXXXXXXXXXXXXXXXXXX
; XXXXXXXXXXXXXXXXXXXXXXXXXXXXXXXXXXXXXXXXXXXXXXXXXXXXXXXXXXXX
; XXXXXXXXXXXXXXXXXXXXXXXXXXXXXXXXXXXXXXXXXXXXXXXXXXXXXXXXXXXX
; XXXXXXXXXXXXXXXXXXXXXXXXXXXXXXXXXXXXXXXXXXXXXXXXXXXXXXXXXXXX
; XXXXXXXXXXXXXXXXXXXXXXXXXXXXXXXXXXXXXXXXXXXXXXXXXXXXXXXXXXXX
; XXXXXXXXXXXXXXXXXXXXXXXXXXXXXXXXXXXXXXXXXXXXXXXXXXXXXXXXXXXX
; XXXXXXXXXXXXXXXXXXXXXXXXXXXXXXXXXXXXXXXXXXXXXXXXXXXXXXXXXXXX
; XXXXXXXXXXXXXXXXXXXXXXXXXXXXXXXXXXXXXXXXXXXXXXXXXXXXXXXXXXXX
; XXXXXXXXXXXXXXXXXXXXXXXXXXXXXXXXXXXXXXXXXXXXXXXXXXXXXXXXXXXX
; XXXXXXXXXXXXXXXXXXXXXXXXXXXXXXXXXXXXXXXXXXXXXXXXXXXXXXXXXXXX
; XXXXXXXXXXXXXXXXXXXXXXXXXXXXXXXXXXXXXXXXXXXXXXXXXXXXXXXXXXXX
; XXXXXXXXXXXXXXXXXXXXXXXXXXXXXXXXXXXXXXXXXXXXXXXXXXXXXXXXXXXX
; XXXXXXXXXXXXXXXXXXXXXXXXXXXXXXXXXXXXXXXXXXXXXXXXXXXXXXXXXXXX
; XXXXXXXXXXXXXXXXXXXXXXXXXXXXXXXXXXXXXXXXXXXXXXXXXXXXXXXXXXXX
; XXXXXXXXXXXXXXXXXXXXXXXXXXXXXXXXXXXXXXXXXXXXXXXXXXXXXXXXXXXX
; XXXXXXXXXXXXXXXXXXXXXXXXXXXXXXXXXXXXXXXXXXXXXXXXXXXXXXXXXXXX
; XXXXXXXXXXXXXXXXXXXXXXXXXXXXXXXXXXXXXXXXXXXXXXXXXXXXXXXXXXXX
; XXXXXXXXXXXXXXXXXXXXXXXXXXXXXXXXXXXXXXXXXXXXXXXXXXXXXXXXXXXX
; XXXXXXXXXXXXXXXXXXXXXXXXXXXXXXXXXXXXXXXXXXXXXXXXXXXXXXXXXXXX
